2025-02-01 11:37:00 | WARN | repo=pv243-2015-clustering-seminar | action=commit
2025-12-04 08:38:00 | INFO | repo=pv243-2015-clustering-seminar | action=commit
2025-09-26 09:11:00 | WARN | repo=pv243-2015-clustering-seminar | action=commit
2025-02-16 19:38:00 | DEBUG | repo=pv243-2015-clustering-seminar | action=commit
2025-08-07 19:14:00 | INFO | repo=pv243-2015-clustering-seminar | action=commit
2025-01-16 13:58:00 | WARN | repo=pv243-2015-clustering-seminar | action=commit
2025-08-17 08:18:00 | WARN | repo=pv243-2015-clustering-seminar | action=commit
2025-01-25 07:29:00 | DEBUG | repo=pv243-2015-clustering-seminar | action=commit
2025-04-25 16:02:00 | INFO | repo=pv243-2015-clustering-seminar | action=commit
2025-06-26 21:15:00 | INFO | repo=pv243-2015-clustering-seminar | action=commit
2025-03-21 19:10:00 | WARN | repo=pv243-2015-clustering-seminar | action=test | passed=true
2025-06-26 18:56:00 | INFO | repo=pv243-2015-clustering-seminar | action=commit
2025-08-04 10:07:00 | WARN | repo=pv243-2015-clustering-seminar | action=commit
2025-05-19 18:45:00 | INFO | repo=pv243-2015-clustering-seminar | action=pull
2025-10-25 21:51:00 | DEBUG | repo=pv243-2015-clustering-seminar | action=commit
2025-03-26 21:33:00 | WARN | repo=pv243-2015-clustering-seminar | action=commit
2025-01-26 11:28:00 | WARN | repo=pv243-2015-clustering-seminar | action=commit
2025-03-22 15:08:00 | WARN | repo=pv243-2015-clustering-seminar | action=commit
2025-07-03 13:24:00 | WARN | repo=pv243-2015-clustering-seminar | action=edit | files=3
2025-06-22 09:05:00 | DEBUG | repo=pv243-2015-clustering-seminar | action=edit | files=2
2025-06-04 20:32:00 | WARN | repo=pv243-2015-clustering-seminar | action=commit
2025-05-07 21:58:00 | WARN | repo=pv243-2015-clustering-seminar | action=commit
2025-12-05 09:02:00 | DEBUG | repo=pv243-2015-clustering-seminar | action=commit
2025-05-15 07:22:00 | INFO | repo=pv243-2015-clustering-seminar | action=commit
2025-09-27 21:33:00 | WARN | repo=pv243-2015-clustering-seminar | action=commit
